<?xml version="1.0" encoding="utf-8"?><testsuites><testsuite name="pytest" errors="0" failures="0" skipped="0" tests="1" time="0.694" timestamp="2025-04-21T02:44:22.010760+05:30" hostname="LAPTOP-EL3LQINO"><testcase classname="tests.test_basic" name="test_index_status_code" time="0.083" /></testsuite></testsuites>